// Jest Snapshot v1, https://goo.gl/fbAQLP

exports[`Home スプラッシュスクリーンを閉じるのに失敗しても何もしないこと 1`] = `
<View
  style={
    Object {
      "alignItems": "center",
      "backgroundColor": "#2089dc",
      "flex": 1,
      "justifyContent": "center",
    }
  }
  testID="HomeScreen"
>
  <Text
    style={
      Object {
        "color": "#fefefe",
        "fontSize": 51.42857142857143,
      }
    }
    testID="HelloWorld"
  >
    Hello, World!
  </Text>
  <View
    style={
      Array [
        Object {
          "borderRadius": 3,
          "overflow": "hidden",
        },
        Object {
          "borderRadius": 3,
        },
        undefined,
        false,
      ]
    }
  >
    <View
      accessibilityRole="button"
      accessibilityState={
        Object {
          "busy": false,
          "disabled": false,
        }
      }
      accessible={true}
      focusable={true}
      onClick={[Function]}
      onResponderGrant={[Function]}
      onResponderMove={[Function]}
      onResponderRelease={[Function]}
      onResponderTerminate={[Function]}
      onResponderTerminationRequest={[Function]}
      onStartShouldSetResponder={[Function]}
      style={
        Object {
          "opacity": 1,
        }
      }
      testID="goToInstructionsButton"
    >
      <View
        style={
          Object {
            "alignItems": "center",
            "backgroundColor": "#2089dc",
            "borderColor": "#2089dc",
            "borderRadius": 3,
            "borderWidth": 0,
            "flexDirection": "row",
            "justifyContent": "center",
            "padding": 8,
          }
        }
      >
        <Text
          style={
            Object {
              "color": "white",
              "fontSize": 18,
              "paddingVertical": 1,
              "textAlign": "center",
            }
          }
        >
          Go to instructions
        </Text>
      </View>
    </View>
  </View>
  <View
    style={
      Array [
        Object {
          "borderRadius": 3,
          "overflow": "hidden",
        },
        Object {
          "borderRadius": 3,
        },
        undefined,
        false,
      ]
    }
  >
    <View
      accessibilityRole="button"
      accessibilityState={
        Object {
          "busy": false,
          "disabled": false,
        }
      }
      accessible={true}
      focusable={true}
      onClick={[Function]}
      onResponderGrant={[Function]}
      onResponderMove={[Function]}
      onResponderRelease={[Function]}
      onResponderTerminate={[Function]}
      onResponderTerminationRequest={[Function]}
      onStartShouldSetResponder={[Function]}
      style={
        Object {
          "opacity": 1,
        }
      }
      testID="viewApplicationInformationButton"
    >
      <View
        style={
          Object {
            "alignItems": "center",
            "backgroundColor": "#2089dc",
            "borderColor": "#2089dc",
            "borderRadius": 3,
            "borderWidth": 0,
            "flexDirection": "row",
            "justifyContent": "center",
            "padding": 8,
          }
        }
      >
        <Text
          style={
            Object {
              "color": "white",
              "fontSize": 18,
              "paddingVertical": 1,
              "textAlign": "center",
            }
          }
        >
          View application information
        </Text>
      </View>
    </View>
  </View>
  <View
    style={
      Array [
        Object {
          "borderRadius": 3,
          "overflow": "hidden",
        },
        Object {
          "borderRadius": 3,
        },
        undefined,
        false,
      ]
    }
  >
    <View
      accessibilityRole="button"
      accessibilityState={
        Object {
          "busy": false,
          "disabled": false,
        }
      }
      accessible={true}
      focusable={true}
      onClick={[Function]}
      onResponderGrant={[Function]}
      onResponderMove={[Function]}
      onResponderRelease={[Function]}
      onResponderTerminate={[Function]}
      onResponderTerminationRequest={[Function]}
      onStartShouldSetResponder={[Function]}
      style={
        Object {
          "opacity": 1,
        }
      }
      testID="goToDemoButton"
    >
      <View
        style={
          Object {
            "alignItems": "center",
            "backgroundColor": "#2089dc",
            "borderColor": "#2089dc",
            "borderRadius": 3,
            "borderWidth": 0,
            "flexDirection": "row",
            "justifyContent": "center",
            "padding": 8,
          }
        }
      >
        <Text
          style={
            Object {
              "color": "white",
              "fontSize": 18,
              "paddingVertical": 1,
              "textAlign": "center",
            }
          }
        >
          Demo
        </Text>
      </View>
    </View>
  </View>
</View>
`;

exports[`Home マウントされたときに正常にレンダリングされること 1`] = `
<View
  style={
    Object {
      "alignItems": "center",
      "flex": 1,
      "justifyContent": "center",
    }
  }
  testID="HomeScreen"
>
  <Text
    style={
      Object {
        "color": "#242424",
        "fontSize": 43.714285714285715,
      }
    }
  >
    開発中
  </Text>
</View>
`;
